{"type":"server-started","port":64132,"host":"127.0.0.1","url_host":"localhost","url":"http://localhost:64132","screen_dir":"/home/dip-kapat/Documents/Projects/prrrrrooooojects/design-system-component-library/.superpowers/brainstorm/20302-1785050192/content","state_dir":"/home/dip-kapat/Documents/Projects/prrrrrooooojects/design-system-component-library/.superpowers/brainstorm/20302-1785050192/state"}
{"type":"screen-added","file":"/home/dip-kapat/Documents/Projects/prrrrrooooojects/design-system-component-library/.superpowers/brainstorm/20302-1785050192/content/framework-choice.html"}
{"source":"user-event","type":"click","text":"Next.js (Static Export)\n      App Router, MDX for docs pages, file-based routing, built-in image optimization, ISR capability for future dynamic content. Heavier but most scalable.\n      ProsRich ecosystem + docsEasy MDX integrationFuture-proofConsHeavy for a docs siteSlower dev startup","choice":"nextjs","id":null,"timestamp":1785050411122}
{"source":"user-event","type":"click","text":"Next.js (Static Export)\n      App Router, MDX for docs pages, file-based routing, built-in image optimization, ISR capability for future dynamic content. Heavier but most scalable.\n      ProsRich ecosystem + docsEasy MDX integrationFuture-proofConsHeavy for a docs siteSlower dev startup","choice":"nextjs","id":null,"timestamp":1785050433120}
{"source":"user-event","type":"click","text":"Next.js (Static Export)\n      App Router, MDX for docs pages, file-based routing, built-in image optimization, ISR capability for future dynamic content. Heavier but most scalable.\n      ProsRich ecosystem + docsEasy MDX integrationFuture-proofConsHeavy for a docs siteSlower dev startup","choice":"nextjs","id":null,"timestamp":1785050436589}
{"source":"user-event","type":"click","text":"Next.js (Static Export)\n      App Router, MDX for docs pages, file-based routing, built-in image optimization, ISR capability for future dynamic content. Heavier but most scalable.\n      ProsRich ecosystem + docsEasy MDX integrationFuture-proofConsHeavy for a docs siteSlower dev startup","choice":"nextjs","id":null,"timestamp":1785050437522}
{"type":"screen-added","file":"/home/dip-kapat/Documents/Projects/prrrrrooooojects/design-system-component-library/.superpowers/brainstorm/20302-1785050192/content/waiting.html"}
{"type":"screen-added","file":"/home/dip-kapat/Documents/Projects/prrrrrooooojects/design-system-component-library/.superpowers/brainstorm/20302-1785050192/content/design-direction.html"}
{"source":"user-event","type":"click","text":"Bold / Premium\n      High contrast, asymmetric layouts, dark mode default, One Dark-inspired. Confident and modern - think Radix Themes, HyperUI, shadcn itself.\n      Outfit + JetBrains Mono · Slate + Single saturated accent","choice":"bold","id":null,"timestamp":1785050631048}
{"source":"user-event","type":"click","text":"Bold / Premium\n      High contrast, asymmetric layouts, dark mode default, One Dark-inspired. Confident and modern - think Radix Themes, HyperUI, shadcn itself.\n      Outfit + JetBrains Mono · Slate + Single saturated accent","choice":"bold","id":null,"timestamp":1785050694808}
{"type":"screen-added","file":"/home/dip-kapat/Documents/Projects/prrrrrooooojects/design-system-component-library/.superpowers/brainstorm/20302-1785050192/content/premium-refinement.html"}
{"type":"screen-added","file":"/home/dip-kapat/Documents/Projects/prrrrrooooojects/design-system-component-library/.superpowers/brainstorm/20302-1785050192/content/dual-theme-palettes.html"}
{"type":"screen-added","file":"/home/dip-kapat/Documents/Projects/prrrrrooooojects/design-system-component-library/.superpowers/brainstorm/20302-1785050192/content/more-palettes.html"}
{"type":"screen-added","file":"/home/dip-kapat/Documents/Projects/prrrrrooooojects/design-system-component-library/.superpowers/brainstorm/20302-1785050192/content/bold-v2.html"}
{"type":"screen-added","file":"/home/dip-kapat/Documents/Projects/prrrrrooooojects/design-system-component-library/.superpowers/brainstorm/20302-1785050192/content/skills-recommendation.html"}
{"type":"screen-added","file":"/home/dip-kapat/Documents/Projects/prrrrrooooojects/design-system-component-library/.superpowers/brainstorm/20302-1785050192/content/fresh-options.html"}
{"type":"screen-added","file":"/home/dip-kapat/Documents/Projects/prrrrrooooojects/design-system-component-library/.superpowers/brainstorm/20302-1785050192/content/colorful-premium.html"}
{"source":"user-event","type":"click","text":"Crimson + Navy\n      Powerful and confident. Deep navy canvas, crimson accent. Premium editorial feel.\n      GeistGeist Mono\n      \n        \n        \n        \n        \n        \n      \n      \n        BG #f8fafcAccent #dc2626Alt #1e3a5fInk #0f172a","choice":"crimson-navy","id":null,"timestamp":1785051540056}
{"type":"screen-updated","file":"/home/dip-kapat/Documents/Projects/prrrrrooooojects/design-system-component-library/.superpowers/brainstorm/20302-1785050192/content/waiting.html"}
{"type":"screen-added","file":"/home/dip-kapat/Documents/Projects/prrrrrooooojects/design-system-component-library/.superpowers/brainstorm/20302-1785050192/content/site-architecture.html"}
{"type":"screen-added","file":"/home/dip-kapat/Documents/Projects/prrrrrooooojects/design-system-component-library/.superpowers/brainstorm/20302-1785050192/content/component-template.html"}
{"type":"screen-added","file":"/home/dip-kapat/Documents/Projects/prrrrrooooojects/design-system-component-library/.superpowers/brainstorm/20302-1785050192/content/scope-strategy.html"}
